// Vitest Snapshot v1, https://vitest.dev/guide/snapshot.html

exports[`YourController > jwt guard tests > when passing invalid token > should return result from guarded gql query 1`] = `
{
  "data": null,
  "errors": [
    {
      "extensions": {
        "code": "UNAUTHENTICATED",
        "originalError": {
          "message": "Unauthorized",
          "statusCode": 401,
        },
      },
      "locations": [
        {
          "column": 3,
          "line": 1,
        },
      ],
      "message": "Unauthorized",
      "path": [
        "guarded",
      ],
    },
  ],
}
`;
